// Jest Snapshot v1, https://goo.gl/fbAQLP

exports[`test profile reducer test toggleUserNameAction 1`] = `
Object {
  "name": "Alex",
  "showName": false,
}
`;
